01:27:49 **** Build of configuration Debug for project 00_Base ****
make -j6 all 
arm-none-eabi-gcc -mcpu=cortex-m3 -g3 -DDEBUG -c -x assembler-with-cpp -MMD -MP -MF"Startup/startup_stm32f103xb.d" -MT"Startup/startup_stm32f103xb.o" --specs=nano.specs -mfloat-abi=soft -mthumb -o "Startup/startup_stm32f103xb.o" "../Startup/startup_stm32f103xb.s"
arm-none-eabi-gcc "../Core/Src/main.c" -mcpu=cortex-m3 -std=gnu11 -g3 -DDEBUG -DSTM32F103xB -c -I"F:/__WORKSPACES/STM32CubeIDE/Udemy_STM32/00_Base/Core/Inc" -I"F:/__WORKSPACES/STM32CubeIDE/Udemy_STM32/00_Base/CMSIS/Include" -O0 -ffunction-sections -fdata-sections -Wall -fstack-usage -MMD -MP -MF"Core/Src/main.d" -MT"Core/Src/main.o" --specs=nano.specs -mfloat-abi=soft -mthumb -o "Core/Src/main.o"
arm-none-eabi-gcc "../Core/Src/system_stm32f1xx.c" -mcpu=cortex-m3 -std=gnu11 -g3 -DDEBUG -DSTM32F103xB -c -I"F:/__WORKSPACES/STM32CubeIDE/Udemy_STM32/00_Base/Core/Inc" -I"F:/__WORKSPACES/STM32CubeIDE/Udemy_STM32/00_Base/CMSIS/Include" -O0 -ffunction-sections -fdata-sections -Wall -fstack-usage -MMD -MP -MF"Core/Src/system_stm32f1xx.d" -MT"Core/Src/system_stm32f1xx.o" --specs=nano.specs -mfloat-abi=soft -mthumb -o "Core/Src/system_stm32f1xx.o"
arm-none-eabi-gcc -o "00_Base.elf" @"objects.list"   -mcpu=cortex-m3 -T"F:\__WORKSPACES\STM32CubeIDE\Udemy_STM32\00_Base\STM32F103C8TX_FLASH.ld" --specs=nosys.specs -Wl,-Map="00_Base.map" -Wl,--gc-sections -static --specs=nano.specs -mfloat-abi=soft -mthumb -Wl,--start-group -lc -lm -Wl,--end-group
Finished building target: 00_Base.elf
 
arm-none-eabi-size   00_Base.elf 
arm-none-eabi-objdump -h -S  00_Base.elf  > "00_Base.list"
arm-none-eabi-objcopy  -O binary  00_Base.elf  "00_Base.bin"
   text	   data	    bss	    dec	    hex	filename
    524	      8	   1568	   2100	    834	00_Base.elf
Finished building: default.size.stdout
 
Finished building: 00_Base.list
Finished building: 00_Base.bin
 
 

01:27:50 Build Finished. 0 errors, 0 warnings. (took 874ms)

