15:35:32 **** Build of configuration Debug for project 04_GPIO ****
make -j4 all 
arm-none-eabi-gcc -mcpu=cortex-m3 -g3 -DDEBUG -c -x assembler-with-cpp -MMD -MP -MF"Startup/startup_stm32f103xb.d" -MT"Startup/startup_stm32f103xb.o" --specs=nano.specs -mfloat-abi=soft -mthumb -o "Startup/startup_stm32f103xb.o" "../Startup/startup_stm32f103xb.s"
arm-none-eabi-gcc "../Peripherals/Src/gpio.c" -mcpu=cortex-m3 -std=gnu11 -g3 -DDEBUG -DSTM32F103xB -c -I"/home/dananjaya/Projects/udemy-stm32-getting-started-level-1/04_GPIO/Core/Inc" -I"/home/dananjaya/Projects/udemy-stm32-getting-started-level-1/04_GPIO/CMSIS/Include" -I"/home/dananjaya/Projects/udemy-stm32-getting-started-level-1/04_GPIO/Peripherals/Inc" -O0 -ffunction-sections -fdata-sections -Wall -fstack-usage -MMD -MP -MF"Peripherals/Src/gpio.d" -MT"Peripherals/Src/gpio.o" --specs=nano.specs -mfloat-abi=soft -mthumb -o "Peripherals/Src/gpio.o"
arm-none-eabi-gcc "../Peripherals/Src/rcc.c" -mcpu=cortex-m3 -std=gnu11 -g3 -DDEBUG -DSTM32F103xB -c -I"/home/dananjaya/Projects/udemy-stm32-getting-started-level-1/04_GPIO/Core/Inc" -I"/home/dananjaya/Projects/udemy-stm32-getting-started-level-1/04_GPIO/CMSIS/Include" -I"/home/dananjaya/Projects/udemy-stm32-getting-started-level-1/04_GPIO/Peripherals/Inc" -O0 -ffunction-sections -fdata-sections -Wall -fstack-usage -MMD -MP -MF"Peripherals/Src/rcc.d" -MT"Peripherals/Src/rcc.o" --specs=nano.specs -mfloat-abi=soft -mthumb -o "Peripherals/Src/rcc.o"
arm-none-eabi-gcc "../Peripherals/Src/uart.c" -mcpu=cortex-m3 -std=gnu11 -g3 -DDEBUG -DSTM32F103xB -c -I"/home/dananjaya/Projects/udemy-stm32-getting-started-level-1/04_GPIO/Core/Inc" -I"/home/dananjaya/Projects/udemy-stm32-getting-started-level-1/04_GPIO/CMSIS/Include" -I"/home/dananjaya/Projects/udemy-stm32-getting-started-level-1/04_GPIO/Peripherals/Inc" -O0 -ffunction-sections -fdata-sections -Wall -fstack-usage -MMD -MP -MF"Peripherals/Src/uart.d" -MT"Peripherals/Src/uart.o" --specs=nano.specs -mfloat-abi=soft -mthumb -o "Peripherals/Src/uart.o"
arm-none-eabi-gcc "../Core/Src/main.c" -mcpu=cortex-m3 -std=gnu11 -g3 -DDEBUG -DSTM32F103xB -c -I"/home/dananjaya/Projects/udemy-stm32-getting-started-level-1/04_GPIO/Core/Inc" -I"/home/dananjaya/Projects/udemy-stm32-getting-started-level-1/04_GPIO/CMSIS/Include" -I"/home/dananjaya/Projects/udemy-stm32-getting-started-level-1/04_GPIO/Peripherals/Inc" -O0 -ffunction-sections -fdata-sections -Wall -fstack-usage -MMD -MP -MF"Core/Src/main.d" -MT"Core/Src/main.o" --specs=nano.specs -mfloat-abi=soft -mthumb -o "Core/Src/main.o"
arm-none-eabi-gcc "../Core/Src/printf_redirect.c" -mcpu=cortex-m3 -std=gnu11 -g3 -DDEBUG -DSTM32F103xB -c -I"/home/dananjaya/Projects/udemy-stm32-getting-started-level-1/04_GPIO/Core/Inc" -I"/home/dananjaya/Projects/udemy-stm32-getting-started-level-1/04_GPIO/CMSIS/Include" -I"/home/dananjaya/Projects/udemy-stm32-getting-started-level-1/04_GPIO/Peripherals/Inc" -O0 -ffunction-sections -fdata-sections -Wall -fstack-usage -MMD -MP -MF"Core/Src/printf_redirect.d" -MT"Core/Src/printf_redirect.o" --specs=nano.specs -mfloat-abi=soft -mthumb -o "Core/Src/printf_redirect.o"
arm-none-eabi-gcc "../Core/Src/system_stm32f1xx.c" -mcpu=cortex-m3 -std=gnu11 -g3 -DDEBUG -DSTM32F103xB -c -I"/home/dananjaya/Projects/udemy-stm32-getting-started-level-1/04_GPIO/Core/Inc" -I"/home/dananjaya/Projects/udemy-stm32-getting-started-level-1/04_GPIO/CMSIS/Include" -I"/home/dananjaya/Projects/udemy-stm32-getting-started-level-1/04_GPIO/Peripherals/Inc" -O0 -ffunction-sections -fdata-sections -Wall -fstack-usage -MMD -MP -MF"Core/Src/system_stm32f1xx.d" -MT"Core/Src/system_stm32f1xx.o" --specs=nano.specs -mfloat-abi=soft -mthumb -o "Core/Src/system_stm32f1xx.o"
arm-none-eabi-gcc -o "04_GPIO.elf" @"objects.list"   -mcpu=cortex-m3 -T"/home/dananjaya/Projects/udemy-stm32-getting-started-level-1/04_GPIO/STM32F103C8TX_FLASH.ld" --specs=nosys.specs -Wl,-Map="04_GPIO.map" -Wl,--gc-sections -static --specs=nano.specs -mfloat-abi=soft -mthumb -u _printf_float -Wl,--start-group -lc -lm -Wl,--end-group
Finished building target: 04_GPIO.elf
 
arm-none-eabi-size   04_GPIO.elf 
arm-none-eabi-objdump -h -S  04_GPIO.elf  > "04_GPIO.list"
arm-none-eabi-objcopy  -O ihex  04_GPIO.elf  "04_GPIO.hex"
   text	   data	    bss	    dec	    hex	filename
  16716	    472	   1600	  18788	   4964	04_GPIO.elf
arm-none-eabi-objcopy  -O binary  04_GPIO.elf  "04_GPIO.bin"
Finished building: default.size.stdout
Finished building: 04_GPIO.hex
 
Finished building: 04_GPIO.bin
Finished building: 04_GPIO.list
 
 
 

15:35:35 Build Finished. 0 errors, 0 warnings. (took 2s.342ms)

