23:00:50 **** Incremental Build of configuration Debug for project 06_ADC ****
make -j4 all 
arm-none-eabi-gcc "../Peripherals/Src/adc.c" -mcpu=cortex-m3 -std=gnu11 -g3 -DDEBUG -DSTM32F103xB -c -I"D:/__Trainings/udemy-stm32-getting-started-level-1/06_ADC/Core/Inc" -I"D:/__Trainings/udemy-stm32-getting-started-level-1/06_ADC/CMSIS/Include" -I"D:/__Trainings/udemy-stm32-getting-started-level-1/06_ADC/Peripherals/Inc" -I"D:/__Trainings/udemy-stm32-getting-started-level-1/06_ADC/Application/Display" -O0 -ffunction-sections -fdata-sections -Wall -fstack-usage -MMD -MP -MF"Peripherals/Src/adc.d" -MT"Peripherals/Src/adc.o" --specs=nano.specs -mfloat-abi=soft -mthumb -o "Peripherals/Src/adc.o"
arm-none-eabi-gcc "../Peripherals/Src/exti.c" -mcpu=cortex-m3 -std=gnu11 -g3 -DDEBUG -DSTM32F103xB -c -I"D:/__Trainings/udemy-stm32-getting-started-level-1/06_ADC/Core/Inc" -I"D:/__Trainings/udemy-stm32-getting-started-level-1/06_ADC/CMSIS/Include" -I"D:/__Trainings/udemy-stm32-getting-started-level-1/06_ADC/Peripherals/Inc" -I"D:/__Trainings/udemy-stm32-getting-started-level-1/06_ADC/Application/Display" -O0 -ffunction-sections -fdata-sections -Wall -fstack-usage -MMD -MP -MF"Peripherals/Src/exti.d" -MT"Peripherals/Src/exti.o" --specs=nano.specs -mfloat-abi=soft -mthumb -o "Peripherals/Src/exti.o"
arm-none-eabi-gcc "../Peripherals/Src/gpio.c" -mcpu=cortex-m3 -std=gnu11 -g3 -DDEBUG -DSTM32F103xB -c -I"D:/__Trainings/udemy-stm32-getting-started-level-1/06_ADC/Core/Inc" -I"D:/__Trainings/udemy-stm32-getting-started-level-1/06_ADC/CMSIS/Include" -I"D:/__Trainings/udemy-stm32-getting-started-level-1/06_ADC/Peripherals/Inc" -I"D:/__Trainings/udemy-stm32-getting-started-level-1/06_ADC/Application/Display" -O0 -ffunction-sections -fdata-sections -Wall -fstack-usage -MMD -MP -MF"Peripherals/Src/gpio.d" -MT"Peripherals/Src/gpio.o" --specs=nano.specs -mfloat-abi=soft -mthumb -o "Peripherals/Src/gpio.o"
arm-none-eabi-gcc "../Peripherals/Src/rcc.c" -mcpu=cortex-m3 -std=gnu11 -g3 -DDEBUG -DSTM32F103xB -c -I"D:/__Trainings/udemy-stm32-getting-started-level-1/06_ADC/Core/Inc" -I"D:/__Trainings/udemy-stm32-getting-started-level-1/06_ADC/CMSIS/Include" -I"D:/__Trainings/udemy-stm32-getting-started-level-1/06_ADC/Peripherals/Inc" -I"D:/__Trainings/udemy-stm32-getting-started-level-1/06_ADC/Application/Display" -O0 -ffunction-sections -fdata-sections -Wall -fstack-usage -MMD -MP -MF"Peripherals/Src/rcc.d" -MT"Peripherals/Src/rcc.o" --specs=nano.specs -mfloat-abi=soft -mthumb -o "Peripherals/Src/rcc.o"
arm-none-eabi-gcc "../Peripherals/Src/uart.c" -mcpu=cortex-m3 -std=gnu11 -g3 -DDEBUG -DSTM32F103xB -c -I"D:/__Trainings/udemy-stm32-getting-started-level-1/06_ADC/Core/Inc" -I"D:/__Trainings/udemy-stm32-getting-started-level-1/06_ADC/CMSIS/Include" -I"D:/__Trainings/udemy-stm32-getting-started-level-1/06_ADC/Peripherals/Inc" -I"D:/__Trainings/udemy-stm32-getting-started-level-1/06_ADC/Application/Display" -O0 -ffunction-sections -fdata-sections -Wall -fstack-usage -MMD -MP -MF"Peripherals/Src/uart.d" -MT"Peripherals/Src/uart.o" --specs=nano.specs -mfloat-abi=soft -mthumb -o "Peripherals/Src/uart.o"
arm-none-eabi-gcc "../Core/Src/main.c" -mcpu=cortex-m3 -std=gnu11 -g3 -DDEBUG -DSTM32F103xB -c -I"D:/__Trainings/udemy-stm32-getting-started-level-1/06_ADC/Core/Inc" -I"D:/__Trainings/udemy-stm32-getting-started-level-1/06_ADC/CMSIS/Include" -I"D:/__Trainings/udemy-stm32-getting-started-level-1/06_ADC/Peripherals/Inc" -I"D:/__Trainings/udemy-stm32-getting-started-level-1/06_ADC/Application/Display" -O0 -ffunction-sections -fdata-sections -Wall -fstack-usage -MMD -MP -MF"Core/Src/main.d" -MT"Core/Src/main.o" --specs=nano.specs -mfloat-abi=soft -mthumb -o "Core/Src/main.o"
arm-none-eabi-gcc "../Core/Src/printf_redirect.c" -mcpu=cortex-m3 -std=gnu11 -g3 -DDEBUG -DSTM32F103xB -c -I"D:/__Trainings/udemy-stm32-getting-started-level-1/06_ADC/Core/Inc" -I"D:/__Trainings/udemy-stm32-getting-started-level-1/06_ADC/CMSIS/Include" -I"D:/__Trainings/udemy-stm32-getting-started-level-1/06_ADC/Peripherals/Inc" -I"D:/__Trainings/udemy-stm32-getting-started-level-1/06_ADC/Application/Display" -O0 -ffunction-sections -fdata-sections -Wall -fstack-usage -MMD -MP -MF"Core/Src/printf_redirect.d" -MT"Core/Src/printf_redirect.o" --specs=nano.specs -mfloat-abi=soft -mthumb -o "Core/Src/printf_redirect.o"
arm-none-eabi-gcc "../Application/Display/tm1637.c" -mcpu=cortex-m3 -std=gnu11 -g3 -DDEBUG -DSTM32F103xB -c -I"D:/__Trainings/udemy-stm32-getting-started-level-1/06_ADC/Core/Inc" -I"D:/__Trainings/udemy-stm32-getting-started-level-1/06_ADC/CMSIS/Include" -I"D:/__Trainings/udemy-stm32-getting-started-level-1/06_ADC/Peripherals/Inc" -I"D:/__Trainings/udemy-stm32-getting-started-level-1/06_ADC/Application/Display" -O0 -ffunction-sections -fdata-sections -Wall -fstack-usage -MMD -MP -MF"Application/Display/tm1637.d" -MT"Application/Display/tm1637.o" --specs=nano.specs -mfloat-abi=soft -mthumb -o "Application/Display/tm1637.o"
arm-none-eabi-gcc -o "06_ADC.elf" @"objects.list"   -mcpu=cortex-m3 -T"D:\__Trainings\udemy-stm32-getting-started-level-1\06_ADC\STM32F103C8TX_FLASH.ld" --specs=nosys.specs -Wl,-Map="06_ADC.map" -Wl,--gc-sections -static --specs=nano.specs -mfloat-abi=soft -mthumb -u _printf_float -Wl,--start-group -lc -lm -Wl,--end-group
Finished building target: 06_ADC.elf
 
arm-none-eabi-size   06_ADC.elf 
arm-none-eabi-objdump -h -S  06_ADC.elf  > "06_ADC.list"
arm-none-eabi-objcopy  -O ihex  06_ADC.elf  "06_ADC.hex"
arm-none-eabi-objcopy  -O binary  06_ADC.elf  "06_ADC.bin"
   text	   data	    bss	    dec	    hex	filename
  17076	    472	   1600	  19148	   4acc	06_ADC.elf
Finished building: default.size.stdout
 
Finished building: 06_ADC.hex
Finished building: 06_ADC.bin
 
 
Finished building: 06_ADC.list
 
